{"time":"2026-09-13T09:32:22.786Z","level":"info","message":"Base de données ouverte","dbPath":":memory:"}
{"time":"2026-09-13T09:32:22.817Z","level":"info","message":"Base de données ouverte","dbPath":":memory:"}
{"time":"2026-09-13T09:32:22.822Z","level":"info","message":"Base de données ouverte","dbPath":":memory:"}
{"time":"2026-09-13T09:32:22.828Z","level":"info","message":"Base de données ouverte","dbPath":":memory:"}
{"time":"2026-09-13T09:32:23.492Z","level":"info","message":"Base de données ouverte","dbPath":"/tmp/yuki-admin-LDWzMV/test.sqlite"}
{"time":"2026-09-13T09:32:23.495Z","level":"info","message":"ADMIN_EMAIL renseignée","adresses":["chef@exemple.fr","absent@exemple.fr"]}
{"time":"2026-09-13T09:32:23.496Z","level":"info","message":"Compte promu administrateur au démarrage","email":"chef@exemple.fr","ancienRole":"free"}
{"time":"2026-09-13T09:32:23.496Z","level":"info","message":"Administrateurs en base","nombre":2,"adresses":["chef@exemple.fr","deja@exemple.fr"]}
{"time":"2026-09-13T09:32:23.496Z","level":"warn","message":"ADMIN_EMAIL désigne des comptes inexistants — crée-les dans l'application, puis redémarre le service","adresses":["absent@exemple.fr"]}
{"time":"2026-09-13T09:32:23.498Z","level":"info","message":"ADMIN_EMAIL renseignée","adresses":["chef@exemple.fr","absent@exemple.fr"]}
{"time":"2026-09-13T09:32:23.498Z","level":"info","message":"Administrateurs en base","nombre":2,"adresses":["chef@exemple.fr","deja@exemple.fr"]}
{"time":"2026-09-13T09:32:23.498Z","level":"warn","message":"ADMIN_EMAIL désigne des comptes inexistants — crée-les dans l'application, puis redémarre le service","adresses":["absent@exemple.fr"]}
{"time":"2026-09-13T09:32:23.499Z","level":"warn","message":"ADMIN_EMAIL non renseignée — aucune promotion automatique. Pour désigner un administrateur, ajoute cette variable dans l'environnement du service."}
{"time":"2026-09-13T09:32:23.499Z","level":"info","message":"Administrateurs en base","nombre":2,"adresses":["chef@exemple.fr","deja@exemple.fr"]}
{"time":"2026-09-13T09:32:23.862Z","level":"info","message":"Sauvegarde effectuée","dest":"/tmp/yuki-backup-test-XJAgaY/backups/yuki-20260913-093223.sqlite"}
{"time":"2026-09-13T09:32:23.863Z","level":"warn","message":"Sauvegarde ignorée : fichier de base de données introuvable","dbPath":"/tmp/yuki-backup-test-XJAgaY/inexistant.sqlite"}
{"time":"2026-09-13T09:32:23.864Z","level":"info","message":"Ancienne sauvegarde supprimée (rétention)","file":"yuki-fake-3.sqlite"}
{"time":"2026-09-13T09:32:23.864Z","level":"info","message":"Ancienne sauvegarde supprimée (rétention)","file":"yuki-fake-4.sqlite"}
{"time":"2026-09-13T09:32:24.021Z","level":"info","message":"Base de données ouverte","dbPath":":memory:"}
{"time":"2026-09-13T09:32:24.039Z","level":"info","message":"Base de données ouverte","dbPath":":memory:"}
{"time":"2026-09-13T09:32:24.089Z","level":"info","message":"Base de données ouverte","dbPath":"/tmp/yuki-ondes-bZtG4S/test.sqlite"}
{"time":"2026-09-13T09:32:24.164Z","level":"info","message":"[ondes] co-mouvement recalculé","symboles":120,"echecs":0,"lignes":230}
{"time":"2026-09-13T09:32:24.651Z","level":"info","message":"Base de données ouverte","dbPath":":memory:"}
{"time":"2026-09-13T09:32:25.340Z","level":"info","message":"Achat déjà acquitté auprès de Google Play","status":400}
{"time":"2026-09-13T09:32:25.341Z","level":"info","message":"Achat déjà acquitté auprès de Google Play","status":409}
{"time":"2026-09-13T09:32:25.346Z","level":"warn","message":"Acquittement Google Play échoué","status":500}
{"time":"2026-09-13T09:32:25.635Z","level":"warn","message":"Échec envoi FCM","status":404,"response":{"error":{"message":"Requested entity was not found."}}}
{"time":"2026-09-13T09:32:26.529Z","level":"info","message":"Base de données ouverte","dbPath":":memory:"}
{"time":"2026-09-13T09:32:26.817Z","level":"warn","message":"[rateLimit] Seuil atteint","limiter":"t_block"}
{"time":"2026-09-13T09:32:26.817Z","level":"warn","message":"[rateLimit] Seuil atteint","limiter":"t_iso"}
{"time":"2026-09-13T09:32:26.818Z","level":"warn","message":"[rateLimit] Seuil atteint","limiter":"t_login"}
{"time":"2026-09-13T09:32:26.818Z","level":"warn","message":"[rateLimit] Seuil atteint","limiter":"t_window"}
{"time":"2026-09-13T09:32:26.918Z","level":"info","message":"Base de données ouverte","dbPath":":memory:"}
{"time":"2026-09-13T09:32:27.320Z","level":"info","message":"Base de données ouverte","dbPath":":memory:"}
{"time":"2026-09-13T09:32:27.332Z","level":"info","message":"Base de données ouverte","dbPath":":memory:"}
{"time":"2026-09-13T09:32:27.335Z","level":"info","message":"Base de données ouverte","dbPath":":memory:"}
{"time":"2026-09-13T09:32:27.338Z","level":"info","message":"Base de données ouverte","dbPath":":memory:"}
{"time":"2026-09-13T09:32:32.331Z","level":"info","message":"Base de données ouverte","dbPath":":memory:"}
{"time":"2026-09-13T09:32:32.345Z","level":"info","message":"Base de données ouverte","dbPath":":memory:"}
{"time":"2026-09-13T09:32:32.348Z","level":"info","message":"Base de données ouverte","dbPath":":memory:"}
{"time":"2026-09-13T09:32:32.352Z","level":"info","message":"Base de données ouverte","dbPath":":memory:"}
{"time":"2026-09-13T09:32:39.699Z","level":"info","message":"Base de données ouverte","dbPath":":memory:"}
{"time":"2026-09-13T09:32:39.715Z","level":"info","message":"Base de données ouverte","dbPath":":memory:"}
{"time":"2026-09-13T09:32:39.718Z","level":"info","message":"Base de données ouverte","dbPath":":memory:"}
{"time":"2026-09-13T09:32:39.722Z","level":"info","message":"Base de données ouverte","dbPath":":memory:"}
{"time":"2026-09-13T09:32:40.154Z","level":"info","message":"Base de données ouverte","dbPath":"/tmp/yuki-admin-vlQikL/test.sqlite"}
{"time":"2026-09-13T09:32:40.155Z","level":"info","message":"ADMIN_EMAIL renseignée","adresses":["chef@exemple.fr","absent@exemple.fr"]}
{"time":"2026-09-13T09:32:40.156Z","level":"info","message":"Compte promu administrateur au démarrage","email":"chef@exemple.fr","ancienRole":"free"}
{"time":"2026-09-13T09:32:40.156Z","level":"info","message":"Administrateurs en base","nombre":2,"adresses":["chef@exemple.fr","deja@exemple.fr"]}
{"time":"2026-09-13T09:32:40.156Z","level":"warn","message":"ADMIN_EMAIL désigne des comptes inexistants — crée-les dans l'application, puis redémarre le service","adresses":["absent@exemple.fr"]}
{"time":"2026-09-13T09:32:40.157Z","level":"info","message":"ADMIN_EMAIL renseignée","adresses":["chef@exemple.fr","absent@exemple.fr"]}
{"time":"2026-09-13T09:32:40.157Z","level":"info","message":"Administrateurs en base","nombre":2,"adresses":["chef@exemple.fr","deja@exemple.fr"]}
{"time":"2026-09-13T09:32:40.158Z","level":"warn","message":"ADMIN_EMAIL désigne des comptes inexistants — crée-les dans l'application, puis redémarre le service","adresses":["absent@exemple.fr"]}
{"time":"2026-09-13T09:32:40.158Z","level":"warn","message":"ADMIN_EMAIL non renseignée — aucune promotion automatique. Pour désigner un administrateur, ajoute cette variable dans l'environnement du service."}
{"time":"2026-09-13T09:32:40.158Z","level":"info","message":"Administrateurs en base","nombre":2,"adresses":["chef@exemple.fr","deja@exemple.fr"]}
{"time":"2026-09-13T09:32:40.510Z","level":"info","message":"Sauvegarde effectuée","dest":"/tmp/yuki-backup-test-5PopUJ/backups/yuki-20260913-093240.sqlite"}
{"time":"2026-09-13T09:32:40.511Z","level":"warn","message":"Sauvegarde ignorée : fichier de base de données introuvable","dbPath":"/tmp/yuki-backup-test-5PopUJ/inexistant.sqlite"}
{"time":"2026-09-13T09:32:40.512Z","level":"info","message":"Ancienne sauvegarde supprimée (rétention)","file":"yuki-fake-3.sqlite"}
{"time":"2026-09-13T09:32:40.512Z","level":"info","message":"Ancienne sauvegarde supprimée (rétention)","file":"yuki-fake-4.sqlite"}
{"time":"2026-09-13T09:32:40.701Z","level":"info","message":"Base de données ouverte","dbPath":":memory:"}
{"time":"2026-09-13T09:32:40.721Z","level":"info","message":"Base de données ouverte","dbPath":":memory:"}
{"time":"2026-09-13T09:32:40.776Z","level":"info","message":"Base de données ouverte","dbPath":"/tmp/yuki-ondes-ddfOkm/test.sqlite"}
{"time":"2026-09-13T09:32:40.861Z","level":"info","message":"[ondes] co-mouvement recalculé","symboles":120,"echecs":0,"lignes":230}
{"time":"2026-09-13T09:32:41.383Z","level":"info","message":"Base de données ouverte","dbPath":":memory:"}
{"time":"2026-09-13T09:32:42.223Z","level":"info","message":"Achat déjà acquitté auprès de Google Play","status":400}
{"time":"2026-09-13T09:32:42.224Z","level":"info","message":"Achat déjà acquitté auprès de Google Play","status":409}
{"time":"2026-09-13T09:32:42.227Z","level":"warn","message":"Acquittement Google Play échoué","status":500}
{"time":"2026-09-13T09:32:42.539Z","level":"warn","message":"Échec envoi FCM","status":404,"response":{"error":{"message":"Requested entity was not found."}}}
{"time":"2026-09-13T09:32:43.384Z","level":"info","message":"Base de données ouverte","dbPath":":memory:"}
{"time":"2026-09-13T09:32:43.719Z","level":"warn","message":"[rateLimit] Seuil atteint","limiter":"t_block"}
{"time":"2026-09-13T09:32:43.719Z","level":"warn","message":"[rateLimit] Seuil atteint","limiter":"t_iso"}
{"time":"2026-09-13T09:32:43.719Z","level":"warn","message":"[rateLimit] Seuil atteint","limiter":"t_login"}
{"time":"2026-09-13T09:32:43.720Z","level":"warn","message":"[rateLimit] Seuil atteint","limiter":"t_window"}
{"time":"2026-09-13T09:32:43.819Z","level":"info","message":"Base de données ouverte","dbPath":":memory:"}
{"time":"2026-09-13T09:32:44.217Z","level":"info","message":"Base de données ouverte","dbPath":":memory:"}
{"time":"2026-09-13T09:32:44.230Z","level":"info","message":"Base de données ouverte","dbPath":":memory:"}
{"time":"2026-09-13T09:32:44.233Z","level":"info","message":"Base de données ouverte","dbPath":":memory:"}
{"time":"2026-09-13T09:32:44.236Z","level":"info","message":"Base de données ouverte","dbPath":":memory:"}
{"time":"2026-09-13T09:33:50.884Z","level":"info","message":"Base de données ouverte","dbPath":"/tmp/yuki-admin-IoG9Qy/test.sqlite"}
{"time":"2026-09-13T09:33:50.885Z","level":"info","message":"ADMIN_EMAIL renseignée","adresses":["chef@exemple.fr","absent@exemple.fr"]}
{"time":"2026-09-13T09:33:50.886Z","level":"info","message":"Compte promu administrateur au démarrage","email":"chef@exemple.fr","ancienRole":"free"}
{"time":"2026-09-13T09:33:50.886Z","level":"info","message":"Administrateurs en base","nombre":2,"adresses":["chef@exemple.fr","deja@exemple.fr"]}
{"time":"2026-09-13T09:33:50.886Z","level":"warn","message":"ADMIN_EMAIL désigne des comptes inexistants — crée-les dans l'application, puis redémarre le service","adresses":["absent@exemple.fr"]}
{"time":"2026-09-13T09:33:50.887Z","level":"info","message":"ADMIN_EMAIL renseignée","adresses":["chef@exemple.fr","absent@exemple.fr"]}
{"time":"2026-09-13T09:33:50.887Z","level":"info","message":"Administrateurs en base","nombre":2,"adresses":["chef@exemple.fr","deja@exemple.fr"]}
{"time":"2026-09-13T09:33:50.887Z","level":"warn","message":"ADMIN_EMAIL désigne des comptes inexistants — crée-les dans l'application, puis redémarre le service","adresses":["absent@exemple.fr"]}
{"time":"2026-09-13T09:33:50.888Z","level":"warn","message":"ADMIN_EMAIL non renseignée — aucune promotion automatique. Pour désigner un administrateur, ajoute cette variable dans l'environnement du service."}
{"time":"2026-09-13T09:33:50.888Z","level":"info","message":"Administrateurs en base","nombre":2,"adresses":["chef@exemple.fr","deja@exemple.fr"]}
{"time":"2026-09-13T09:33:51.217Z","level":"info","message":"Sauvegarde effectuée","dest":"/tmp/yuki-backup-test-cSAg1w/backups/yuki-20260913-093351.sqlite"}
{"time":"2026-09-13T09:33:51.217Z","level":"warn","message":"Sauvegarde ignorée : fichier de base de données introuvable","dbPath":"/tmp/yuki-backup-test-cSAg1w/inexistant.sqlite"}
{"time":"2026-09-13T09:33:51.218Z","level":"info","message":"Ancienne sauvegarde supprimée (rétention)","file":"yuki-fake-3.sqlite"}
{"time":"2026-09-13T09:33:51.218Z","level":"info","message":"Ancienne sauvegarde supprimée (rétention)","file":"yuki-fake-4.sqlite"}
{"time":"2026-09-13T09:33:51.357Z","level":"info","message":"Base de données ouverte","dbPath":":memory:"}
{"time":"2026-09-13T09:33:51.377Z","level":"info","message":"Base de données ouverte","dbPath":":memory:"}
{"time":"2026-09-13T09:33:51.430Z","level":"info","message":"Base de données ouverte","dbPath":"/tmp/yuki-ondes-APcJHs/test.sqlite"}
{"time":"2026-09-13T09:33:51.503Z","level":"info","message":"[ondes] co-mouvement recalculé","symboles":120,"echecs":0,"lignes":230}
{"time":"2026-09-13T09:33:51.946Z","level":"info","message":"Base de données ouverte","dbPath":":memory:"}
{"time":"2026-09-13T09:33:52.603Z","level":"info","message":"Achat déjà acquitté auprès de Google Play","status":400}
{"time":"2026-09-13T09:33:52.604Z","level":"info","message":"Achat déjà acquitté auprès de Google Play","status":409}
{"time":"2026-09-13T09:33:52.607Z","level":"warn","message":"Acquittement Google Play échoué","status":500}
{"time":"2026-09-13T09:33:52.895Z","level":"warn","message":"Échec envoi FCM","status":404,"response":{"error":{"message":"Requested entity was not found."}}}
{"time":"2026-09-13T09:33:53.707Z","level":"info","message":"Base de données ouverte","dbPath":":memory:"}
{"time":"2026-09-13T09:33:54.008Z","level":"warn","message":"[rateLimit] Seuil atteint","limiter":"t_block"}
{"time":"2026-09-13T09:33:54.009Z","level":"warn","message":"[rateLimit] Seuil atteint","limiter":"t_iso"}
{"time":"2026-09-13T09:33:54.009Z","level":"warn","message":"[rateLimit] Seuil atteint","limiter":"t_login"}
{"time":"2026-09-13T09:33:54.009Z","level":"warn","message":"[rateLimit] Seuil atteint","limiter":"t_window"}
{"time":"2026-09-13T09:33:54.111Z","level":"info","message":"Base de données ouverte","dbPath":":memory:"}
{"time":"2026-09-13T09:33:54.514Z","level":"info","message":"Base de données ouverte","dbPath":":memory:"}
{"time":"2026-09-13T09:33:54.527Z","level":"info","message":"Base de données ouverte","dbPath":":memory:"}
{"time":"2026-09-13T09:33:54.530Z","level":"info","message":"Base de données ouverte","dbPath":":memory:"}
{"time":"2026-09-13T09:33:54.533Z","level":"info","message":"Base de données ouverte","dbPath":":memory:"}
{"time":"2026-09-13T15:20:13.565Z","level":"info","message":"Base de données ouverte","dbPath":":memory:"}
{"time":"2026-09-13T15:20:13.621Z","level":"info","message":"Base de données ouverte","dbPath":":memory:"}
{"time":"2026-09-13T15:20:13.629Z","level":"info","message":"Base de données ouverte","dbPath":":memory:"}
{"time":"2026-09-13T15:20:13.640Z","level":"info","message":"Base de données ouverte","dbPath":":memory:"}
{"time":"2026-09-13T15:20:13.650Z","level":"info","message":"Base de données ouverte","dbPath":":memory:"}
{"time":"2026-09-13T15:20:13.664Z","level":"info","message":"Base de données ouverte","dbPath":":memory:"}
{"time":"2026-09-13T15:20:14.288Z","level":"info","message":"Base de données ouverte","dbPath":"/tmp/yuki-admin-9ispnD/test.sqlite"}
{"time":"2026-09-13T15:20:14.290Z","level":"info","message":"ADMIN_EMAIL renseignée","adresses":["chef@exemple.fr","absent@exemple.fr"]}
{"time":"2026-09-13T15:20:14.290Z","level":"info","message":"Compte promu administrateur au démarrage","email":"chef@exemple.fr","ancienRole":"free"}
{"time":"2026-09-13T15:20:14.290Z","level":"info","message":"Administrateurs en base","nombre":2,"adresses":["chef@exemple.fr","deja@exemple.fr"]}
{"time":"2026-09-13T15:20:14.290Z","level":"warn","message":"ADMIN_EMAIL désigne des comptes inexistants — crée-les dans l'application, puis redémarre le service","adresses":["absent@exemple.fr"]}
{"time":"2026-09-13T15:20:14.291Z","level":"info","message":"ADMIN_EMAIL renseignée","adresses":["chef@exemple.fr","absent@exemple.fr"]}
{"time":"2026-09-13T15:20:14.292Z","level":"info","message":"Administrateurs en base","nombre":2,"adresses":["chef@exemple.fr","deja@exemple.fr"]}
{"time":"2026-09-13T15:20:14.292Z","level":"warn","message":"ADMIN_EMAIL désigne des comptes inexistants — crée-les dans l'application, puis redémarre le service","adresses":["absent@exemple.fr"]}
{"time":"2026-09-13T15:20:14.292Z","level":"warn","message":"ADMIN_EMAIL non renseignée — aucune promotion automatique. Pour désigner un administrateur, ajoute cette variable dans l'environnement du service."}
{"time":"2026-09-13T15:20:14.292Z","level":"info","message":"Administrateurs en base","nombre":2,"adresses":["chef@exemple.fr","deja@exemple.fr"]}
{"time":"2026-09-13T15:20:14.597Z","level":"info","message":"Sauvegarde effectuée","dest":"/tmp/yuki-backup-test-r4QiWe/backups/yuki-20260913-152014.sqlite"}
{"time":"2026-09-13T15:20:14.598Z","level":"warn","message":"Sauvegarde ignorée : fichier de base de données introuvable","dbPath":"/tmp/yuki-backup-test-r4QiWe/inexistant.sqlite"}
{"time":"2026-09-13T15:20:14.598Z","level":"info","message":"Ancienne sauvegarde supprimée (rétention)","file":"yuki-fake-3.sqlite"}
{"time":"2026-09-13T15:20:14.599Z","level":"info","message":"Ancienne sauvegarde supprimée (rétention)","file":"yuki-fake-4.sqlite"}
{"time":"2026-09-13T15:20:14.746Z","level":"info","message":"Base de données ouverte","dbPath":":memory:"}
{"time":"2026-09-13T15:20:14.764Z","level":"info","message":"Base de données ouverte","dbPath":":memory:"}
{"time":"2026-09-13T15:20:14.815Z","level":"info","message":"Base de données ouverte","dbPath":"/tmp/yuki-ondes-2kdDol/test.sqlite"}
{"time":"2026-09-13T15:20:14.886Z","level":"info","message":"[ondes] co-mouvement recalculé","symboles":120,"echecs":0,"lignes":230}
{"time":"2026-09-13T15:20:15.340Z","level":"info","message":"Base de données ouverte","dbPath":":memory:"}
{"time":"2026-09-13T15:20:16.015Z","level":"info","message":"Achat déjà acquitté auprès de Google Play","status":400}
{"time":"2026-09-13T15:20:16.016Z","level":"info","message":"Achat déjà acquitté auprès de Google Play","status":409}
{"time":"2026-09-13T15:20:16.018Z","level":"warn","message":"Acquittement Google Play échoué","status":500}
{"time":"2026-09-13T15:20:16.263Z","level":"warn","message":"Échec envoi FCM","status":404,"response":{"error":{"message":"Requested entity was not found."}}}
{"time":"2026-09-13T15:20:17.027Z","level":"info","message":"Base de données ouverte","dbPath":":memory:"}
{"time":"2026-09-13T15:20:17.306Z","level":"warn","message":"[rateLimit] Seuil atteint","limiter":"t_block"}
{"time":"2026-09-13T15:20:17.307Z","level":"warn","message":"[rateLimit] Seuil atteint","limiter":"t_iso"}
{"time":"2026-09-13T15:20:17.307Z","level":"warn","message":"[rateLimit] Seuil atteint","limiter":"t_login"}
{"time":"2026-09-13T15:20:17.307Z","level":"warn","message":"[rateLimit] Seuil atteint","limiter":"t_window"}
{"time":"2026-09-13T15:20:17.407Z","level":"info","message":"Base de données ouverte","dbPath":":memory:"}
{"time":"2026-09-13T15:20:17.792Z","level":"info","message":"Base de données ouverte","dbPath":":memory:"}
{"time":"2026-09-13T15:20:17.808Z","level":"info","message":"Base de données ouverte","dbPath":":memory:"}
{"time":"2026-09-13T15:20:17.811Z","level":"info","message":"Base de données ouverte","dbPath":":memory:"}
{"time":"2026-09-13T15:20:17.816Z","level":"info","message":"Base de données ouverte","dbPath":":memory:"}
{"time":"2026-09-13T15:20:17.820Z","level":"info","message":"Base de données ouverte","dbPath":":memory:"}
{"time":"2026-09-13T15:20:17.823Z","level":"info","message":"Base de données ouverte","dbPath":":memory:"}
{"time":"2026-09-13T17:46:01.584Z","level":"info","message":"Base de données ouverte","dbPath":":memory:"}
{"time":"2026-09-13T17:46:01.631Z","level":"info","message":"Base de données ouverte","dbPath":":memory:"}
{"time":"2026-09-13T17:46:01.637Z","level":"info","message":"Base de données ouverte","dbPath":":memory:"}
{"time":"2026-09-13T17:46:01.647Z","level":"info","message":"Base de données ouverte","dbPath":":memory:"}
{"time":"2026-09-13T17:46:01.655Z","level":"info","message":"Base de données ouverte","dbPath":":memory:"}
{"time":"2026-09-13T17:46:01.668Z","level":"info","message":"Base de données ouverte","dbPath":":memory:"}
{"time":"2026-09-13T17:46:02.391Z","level":"info","message":"Base de données ouverte","dbPath":"/tmp/yuki-admin-s16pzF/test.sqlite"}
{"time":"2026-09-13T17:46:02.394Z","level":"info","message":"ADMIN_EMAIL renseignée","adresses":["chef@exemple.fr","absent@exemple.fr"]}
{"time":"2026-09-13T17:46:02.395Z","level":"info","message":"Compte promu administrateur au démarrage","email":"chef@exemple.fr","ancienRole":"free"}
{"time":"2026-09-13T17:46:02.395Z","level":"info","message":"Administrateurs en base","nombre":2,"adresses":["chef@exemple.fr","deja@exemple.fr"]}
{"time":"2026-09-13T17:46:02.395Z","level":"warn","message":"ADMIN_EMAIL désigne des comptes inexistants — crée-les dans l'application, puis redémarre le service","adresses":["absent@exemple.fr"]}
{"time":"2026-09-13T17:46:02.396Z","level":"info","message":"ADMIN_EMAIL renseignée","adresses":["chef@exemple.fr","absent@exemple.fr"]}
{"time":"2026-09-13T17:46:02.397Z","level":"info","message":"Administrateurs en base","nombre":2,"adresses":["chef@exemple.fr","deja@exemple.fr"]}
{"time":"2026-09-13T17:46:02.397Z","level":"warn","message":"ADMIN_EMAIL désigne des comptes inexistants — crée-les dans l'application, puis redémarre le service","adresses":["absent@exemple.fr"]}
{"time":"2026-09-13T17:46:02.397Z","level":"warn","message":"ADMIN_EMAIL non renseignée — aucune promotion automatique. Pour désigner un administrateur, ajoute cette variable dans l'environnement du service."}
{"time":"2026-09-13T17:46:02.398Z","level":"info","message":"Administrateurs en base","nombre":2,"adresses":["chef@exemple.fr","deja@exemple.fr"]}
{"time":"2026-09-13T17:46:02.789Z","level":"info","message":"Sauvegarde effectuée","dest":"/tmp/yuki-backup-test-8TcNUQ/backups/yuki-20260913-174602.sqlite"}
{"time":"2026-09-13T17:46:02.789Z","level":"warn","message":"Sauvegarde ignorée : fichier de base de données introuvable","dbPath":"/tmp/yuki-backup-test-8TcNUQ/inexistant.sqlite"}
{"time":"2026-09-13T17:46:02.790Z","level":"info","message":"Ancienne sauvegarde supprimée (rétention)","file":"yuki-fake-3.sqlite"}
{"time":"2026-09-13T17:46:02.791Z","level":"info","message":"Ancienne sauvegarde supprimée (rétention)","file":"yuki-fake-4.sqlite"}
{"time":"2026-09-13T17:46:02.972Z","level":"info","message":"Base de données ouverte","dbPath":":memory:"}
{"time":"2026-09-13T17:46:02.993Z","level":"info","message":"Base de données ouverte","dbPath":":memory:"}
{"time":"2026-09-13T17:46:03.091Z","level":"info","message":"Base de données ouverte","dbPath":"/tmp/yuki-ondes-6YgE7x/test.sqlite"}
{"time":"2026-09-13T17:46:03.189Z","level":"info","message":"[ondes] co-mouvement recalculé","symboles":120,"echecs":0,"lignes":230}
{"time":"2026-09-13T17:46:03.750Z","level":"info","message":"Base de données ouverte","dbPath":":memory:"}
{"time":"2026-09-13T17:46:04.547Z","level":"info","message":"Achat déjà acquitté auprès de Google Play","status":400}
{"time":"2026-09-13T17:46:04.548Z","level":"info","message":"Achat déjà acquitté auprès de Google Play","status":409}
{"time":"2026-09-13T17:46:04.551Z","level":"warn","message":"Acquittement Google Play échoué","status":500}
{"time":"2026-09-13T17:46:04.837Z","level":"warn","message":"Échec envoi FCM","status":404,"response":{"error":{"message":"Requested entity was not found."}}}
{"time":"2026-09-13T17:46:05.739Z","level":"info","message":"Base de données ouverte","dbPath":":memory:"}
{"time":"2026-09-13T17:46:06.043Z","level":"warn","message":"[rateLimit] Seuil atteint","limiter":"t_block"}
{"time":"2026-09-13T17:46:06.043Z","level":"warn","message":"[rateLimit] Seuil atteint","limiter":"t_iso"}
{"time":"2026-09-13T17:46:06.043Z","level":"warn","message":"[rateLimit] Seuil atteint","limiter":"t_login"}
{"time":"2026-09-13T17:46:06.044Z","level":"warn","message":"[rateLimit] Seuil atteint","limiter":"t_window"}
{"time":"2026-09-13T17:46:06.148Z","level":"info","message":"Base de données ouverte","dbPath":":memory:"}
{"time":"2026-09-13T17:46:06.578Z","level":"info","message":"Base de données ouverte","dbPath":":memory:"}
{"time":"2026-09-13T17:46:06.598Z","level":"info","message":"Base de données ouverte","dbPath":":memory:"}
{"time":"2026-09-13T17:46:06.602Z","level":"info","message":"Base de données ouverte","dbPath":":memory:"}
{"time":"2026-09-13T17:46:06.607Z","level":"info","message":"Base de données ouverte","dbPath":":memory:"}
{"time":"2026-09-13T17:46:06.614Z","level":"info","message":"Base de données ouverte","dbPath":":memory:"}
{"time":"2026-09-13T17:46:06.617Z","level":"info","message":"Base de données ouverte","dbPath":":memory:"}
{"time":"2026-09-13T17:46:37.231Z","level":"info","message":"Base de données ouverte","dbPath":":memory:"}
{"time":"2026-09-13T17:46:37.250Z","level":"info","message":"Base de données ouverte","dbPath":":memory:"}
{"time":"2026-09-13T17:46:37.253Z","level":"info","message":"Base de données ouverte","dbPath":":memory:"}
{"time":"2026-09-13T17:46:37.259Z","level":"info","message":"Base de données ouverte","dbPath":":memory:"}
{"time":"2026-09-13T17:46:37.264Z","level":"info","message":"Base de données ouverte","dbPath":":memory:"}
{"time":"2026-09-13T17:46:37.268Z","level":"info","message":"Base de données ouverte","dbPath":":memory:"}
{"time":"2026-09-13T17:46:37.276Z","level":"info","message":"Base de données ouverte","dbPath":":memory:"}
{"time":"2026-09-13T17:46:37.727Z","level":"info","message":"Base de données ouverte","dbPath":"/tmp/yuki-admin-ovt2Jg/test.sqlite"}
{"time":"2026-09-13T17:46:37.729Z","level":"info","message":"ADMIN_EMAIL renseignée","adresses":["chef@exemple.fr","absent@exemple.fr"]}
{"time":"2026-09-13T17:46:37.730Z","level":"info","message":"Compte promu administrateur au démarrage","email":"chef@exemple.fr","ancienRole":"free"}
{"time":"2026-09-13T17:46:37.731Z","level":"info","message":"Administrateurs en base","nombre":2,"adresses":["chef@exemple.fr","deja@exemple.fr"]}
{"time":"2026-09-13T17:46:37.731Z","level":"warn","message":"ADMIN_EMAIL désigne des comptes inexistants — crée-les dans l'application, puis redémarre le service","adresses":["absent@exemple.fr"]}
{"time":"2026-09-13T17:46:37.732Z","level":"info","message":"ADMIN_EMAIL renseignée","adresses":["chef@exemple.fr","absent@exemple.fr"]}
{"time":"2026-09-13T17:46:37.733Z","level":"info","message":"Administrateurs en base","nombre":2,"adresses":["chef@exemple.fr","deja@exemple.fr"]}
{"time":"2026-09-13T17:46:37.733Z","level":"warn","message":"ADMIN_EMAIL désigne des comptes inexistants — crée-les dans l'application, puis redémarre le service","adresses":["absent@exemple.fr"]}
{"time":"2026-09-13T17:46:37.733Z","level":"warn","message":"ADMIN_EMAIL non renseignée — aucune promotion automatique. Pour désigner un administrateur, ajoute cette variable dans l'environnement du service."}
{"time":"2026-09-13T17:46:37.733Z","level":"info","message":"Administrateurs en base","nombre":2,"adresses":["chef@exemple.fr","deja@exemple.fr"]}
{"time":"2026-09-13T17:46:38.153Z","level":"info","message":"Sauvegarde effectuée","dest":"/tmp/yuki-backup-test-HLQF9d/backups/yuki-20260913-174638.sqlite"}
{"time":"2026-09-13T17:46:38.154Z","level":"warn","message":"Sauvegarde ignorée : fichier de base de données introuvable","dbPath":"/tmp/yuki-backup-test-HLQF9d/inexistant.sqlite"}
{"time":"2026-09-13T17:46:38.155Z","level":"info","message":"Ancienne sauvegarde supprimée (rétention)","file":"yuki-fake-3.sqlite"}
{"time":"2026-09-13T17:46:38.155Z","level":"info","message":"Ancienne sauvegarde supprimée (rétention)","file":"yuki-fake-4.sqlite"}
{"time":"2026-09-13T17:46:38.326Z","level":"info","message":"Base de données ouverte","dbPath":":memory:"}
{"time":"2026-09-13T17:46:38.347Z","level":"info","message":"Base de données ouverte","dbPath":":memory:"}
{"time":"2026-09-13T17:46:38.401Z","level":"info","message":"Base de données ouverte","dbPath":"/tmp/yuki-ondes-MqFBtd/test.sqlite"}
{"time":"2026-09-13T17:46:38.483Z","level":"info","message":"[ondes] co-mouvement recalculé","symboles":120,"echecs":0,"lignes":230}
{"time":"2026-09-13T17:46:38.999Z","level":"info","message":"Base de données ouverte","dbPath":":memory:"}
{"time":"2026-09-13T17:46:39.783Z","level":"info","message":"Achat déjà acquitté auprès de Google Play","status":400}
{"time":"2026-09-13T17:46:39.785Z","level":"info","message":"Achat déjà acquitté auprès de Google Play","status":409}
{"time":"2026-09-13T17:46:39.789Z","level":"warn","message":"Acquittement Google Play échoué","status":500}
{"time":"2026-09-13T17:46:40.119Z","level":"warn","message":"Échec envoi FCM","status":404,"response":{"error":{"message":"Requested entity was not found."}}}
{"time":"2026-09-13T17:46:41.085Z","level":"info","message":"Base de données ouverte","dbPath":":memory:"}
{"time":"2026-09-13T17:46:41.405Z","level":"warn","message":"[rateLimit] Seuil atteint","limiter":"t_block"}
{"time":"2026-09-13T17:46:41.405Z","level":"warn","message":"[rateLimit] Seuil atteint","limiter":"t_iso"}
{"time":"2026-09-13T17:46:41.405Z","level":"warn","message":"[rateLimit] Seuil atteint","limiter":"t_login"}
{"time":"2026-09-13T17:46:41.406Z","level":"warn","message":"[rateLimit] Seuil atteint","limiter":"t_window"}
{"time":"2026-09-13T17:46:41.513Z","level":"info","message":"Base de données ouverte","dbPath":":memory:"}
{"time":"2026-09-13T17:46:41.950Z","level":"info","message":"Base de données ouverte","dbPath":":memory:"}
{"time":"2026-09-13T17:46:41.970Z","level":"info","message":"Base de données ouverte","dbPath":":memory:"}
{"time":"2026-09-13T17:46:41.973Z","level":"info","message":"Base de données ouverte","dbPath":":memory:"}
{"time":"2026-09-13T17:46:41.979Z","level":"info","message":"Base de données ouverte","dbPath":":memory:"}
{"time":"2026-09-13T17:46:41.985Z","level":"info","message":"Base de données ouverte","dbPath":":memory:"}
{"time":"2026-09-13T17:46:41.988Z","level":"info","message":"Base de données ouverte","dbPath":":memory:"}
{"time":"2026-09-13T17:46:41.997Z","level":"info","message":"Base de données ouverte","dbPath":":memory:"}
{"time":"2026-09-13T17:47:40.540Z","level":"info","message":"Base de données ouverte","dbPath":"/tmp/yuki-admin-kgxlMT/test.sqlite"}
{"time":"2026-09-13T17:47:40.541Z","level":"info","message":"ADMIN_EMAIL renseignée","adresses":["chef@exemple.fr","absent@exemple.fr"]}
{"time":"2026-09-13T17:47:40.542Z","level":"info","message":"Compte promu administrateur au démarrage","email":"chef@exemple.fr","ancienRole":"free"}
{"time":"2026-09-13T17:47:40.542Z","level":"info","message":"Administrateurs en base","nombre":2,"adresses":["chef@exemple.fr","deja@exemple.fr"]}
{"time":"2026-09-13T17:47:40.542Z","level":"warn","message":"ADMIN_EMAIL désigne des comptes inexistants — crée-les dans l'application, puis redémarre le service","adresses":["absent@exemple.fr"]}
{"time":"2026-09-13T17:47:40.543Z","level":"info","message":"ADMIN_EMAIL renseignée","adresses":["chef@exemple.fr","absent@exemple.fr"]}
{"time":"2026-09-13T17:47:40.544Z","level":"info","message":"Administrateurs en base","nombre":2,"adresses":["chef@exemple.fr","deja@exemple.fr"]}
{"time":"2026-09-13T17:47:40.544Z","level":"warn","message":"ADMIN_EMAIL désigne des comptes inexistants — crée-les dans l'application, puis redémarre le service","adresses":["absent@exemple.fr"]}
{"time":"2026-09-13T17:47:40.544Z","level":"warn","message":"ADMIN_EMAIL non renseignée — aucune promotion automatique. Pour désigner un administrateur, ajoute cette variable dans l'environnement du service."}
{"time":"2026-09-13T17:47:40.544Z","level":"info","message":"Administrateurs en base","nombre":2,"adresses":["chef@exemple.fr","deja@exemple.fr"]}
{"time":"2026-09-13T17:47:40.928Z","level":"info","message":"Sauvegarde effectuée","dest":"/tmp/yuki-backup-test-0YH1gW/backups/yuki-20260913-174740.sqlite"}
{"time":"2026-09-13T17:47:40.929Z","level":"warn","message":"Sauvegarde ignorée : fichier de base de données introuvable","dbPath":"/tmp/yuki-backup-test-0YH1gW/inexistant.sqlite"}
{"time":"2026-09-13T17:47:40.929Z","level":"info","message":"Ancienne sauvegarde supprimée (rétention)","file":"yuki-fake-3.sqlite"}
{"time":"2026-09-13T17:47:40.929Z","level":"info","message":"Ancienne sauvegarde supprimée (rétention)","file":"yuki-fake-4.sqlite"}
{"time":"2026-09-13T17:47:41.062Z","level":"info","message":"Base de données ouverte","dbPath":":memory:"}
{"time":"2026-09-13T17:47:41.082Z","level":"info","message":"Base de données ouverte","dbPath":":memory:"}
{"time":"2026-09-13T17:47:41.132Z","level":"info","message":"Base de données ouverte","dbPath":"/tmp/yuki-ondes-WQpYAP/test.sqlite"}
{"time":"2026-09-13T17:47:41.215Z","level":"info","message":"[ondes] co-mouvement recalculé","symboles":120,"echecs":0,"lignes":230}
{"time":"2026-09-13T17:47:41.709Z","level":"info","message":"Base de données ouverte","dbPath":":memory:"}
{"time":"2026-09-13T17:47:42.444Z","level":"info","message":"Achat déjà acquitté auprès de Google Play","status":400}
{"time":"2026-09-13T17:47:42.445Z","level":"info","message":"Achat déjà acquitté auprès de Google Play","status":409}
{"time":"2026-09-13T17:47:42.450Z","level":"warn","message":"Acquittement Google Play échoué","status":500}
{"time":"2026-09-13T17:47:42.720Z","level":"warn","message":"Échec envoi FCM","status":404,"response":{"error":{"message":"Requested entity was not found."}}}
{"time":"2026-09-13T17:47:43.595Z","level":"info","message":"Base de données ouverte","dbPath":":memory:"}
{"time":"2026-09-13T17:47:43.943Z","level":"warn","message":"[rateLimit] Seuil atteint","limiter":"t_block"}
{"time":"2026-09-13T17:47:43.943Z","level":"warn","message":"[rateLimit] Seuil atteint","limiter":"t_iso"}
{"time":"2026-09-13T17:47:43.944Z","level":"warn","message":"[rateLimit] Seuil atteint","limiter":"t_login"}
{"time":"2026-09-13T17:47:43.944Z","level":"warn","message":"[rateLimit] Seuil atteint","limiter":"t_window"}
{"time":"2026-09-13T17:47:44.049Z","level":"info","message":"Base de données ouverte","dbPath":":memory:"}
{"time":"2026-09-13T17:47:44.519Z","level":"info","message":"Base de données ouverte","dbPath":":memory:"}
{"time":"2026-09-13T17:47:44.541Z","level":"info","message":"Base de données ouverte","dbPath":":memory:"}
{"time":"2026-09-13T17:47:44.545Z","level":"info","message":"Base de données ouverte","dbPath":":memory:"}
{"time":"2026-09-13T17:47:44.551Z","level":"info","message":"Base de données ouverte","dbPath":":memory:"}
{"time":"2026-09-13T17:47:44.556Z","level":"info","message":"Base de données ouverte","dbPath":":memory:"}
{"time":"2026-09-13T17:47:44.560Z","level":"info","message":"Base de données ouverte","dbPath":":memory:"}
{"time":"2026-09-13T17:47:44.569Z","level":"info","message":"Base de données ouverte","dbPath":":memory:"}
{"time":"2026-09-13T18:12:25.002Z","level":"info","message":"Base de données ouverte","dbPath":"/tmp/yuki-admin-QTxjlp/test.sqlite"}
{"time":"2026-09-13T18:12:25.005Z","level":"info","message":"ADMIN_EMAIL renseignée","adresses":["chef@exemple.fr","absent@exemple.fr"]}
{"time":"2026-09-13T18:12:25.005Z","level":"info","message":"Compte promu administrateur au démarrage","email":"chef@exemple.fr","ancienRole":"free"}
{"time":"2026-09-13T18:12:25.006Z","level":"info","message":"Administrateurs en base","nombre":2,"adresses":["chef@exemple.fr","deja@exemple.fr"]}
{"time":"2026-09-13T18:12:25.006Z","level":"warn","message":"ADMIN_EMAIL désigne des comptes inexistants — crée-les dans l'application, puis redémarre le service","adresses":["absent@exemple.fr"]}
{"time":"2026-09-13T18:12:25.007Z","level":"info","message":"ADMIN_EMAIL renseignée","adresses":["chef@exemple.fr","absent@exemple.fr"]}
{"time":"2026-09-13T18:12:25.007Z","level":"info","message":"Administrateurs en base","nombre":2,"adresses":["chef@exemple.fr","deja@exemple.fr"]}
{"time":"2026-09-13T18:12:25.007Z","level":"warn","message":"ADMIN_EMAIL désigne des comptes inexistants — crée-les dans l'application, puis redémarre le service","adresses":["absent@exemple.fr"]}
{"time":"2026-09-13T18:12:25.008Z","level":"warn","message":"ADMIN_EMAIL non renseignée — aucune promotion automatique. Pour désigner un administrateur, ajoute cette variable dans l'environnement du service."}
{"time":"2026-09-13T18:12:25.008Z","level":"info","message":"Administrateurs en base","nombre":2,"adresses":["chef@exemple.fr","deja@exemple.fr"]}
{"time":"2026-09-13T18:12:25.391Z","level":"info","message":"Sauvegarde effectuée","dest":"/tmp/yuki-backup-test-8HEjMl/backups/yuki-20260913-181225.sqlite"}
{"time":"2026-09-13T18:12:25.392Z","level":"warn","message":"Sauvegarde ignorée : fichier de base de données introuvable","dbPath":"/tmp/yuki-backup-test-8HEjMl/inexistant.sqlite"}
{"time":"2026-09-13T18:12:25.393Z","level":"info","message":"Ancienne sauvegarde supprimée (rétention)","file":"yuki-fake-3.sqlite"}
{"time":"2026-09-13T18:12:25.393Z","level":"info","message":"Ancienne sauvegarde supprimée (rétention)","file":"yuki-fake-4.sqlite"}
{"time":"2026-09-13T18:12:25.521Z","level":"info","message":"Base de données ouverte","dbPath":":memory:"}
{"time":"2026-09-13T18:12:25.541Z","level":"info","message":"Base de données ouverte","dbPath":":memory:"}
{"time":"2026-09-13T18:12:25.602Z","level":"info","message":"Base de données ouverte","dbPath":"/tmp/yuki-ondes-GLjiQE/test.sqlite"}
{"time":"2026-09-13T18:12:25.701Z","level":"info","message":"[ondes] co-mouvement recalculé","symboles":120,"echecs":0,"lignes":230}
{"time":"2026-09-13T18:12:26.250Z","level":"info","message":"Base de données ouverte","dbPath":":memory:"}
{"time":"2026-09-13T18:12:27.006Z","level":"info","message":"Achat déjà acquitté auprès de Google Play","status":400}
{"time":"2026-09-13T18:12:27.007Z","level":"info","message":"Achat déjà acquitté auprès de Google Play","status":409}
{"time":"2026-09-13T18:12:27.010Z","level":"warn","message":"Acquittement Google Play échoué","status":500}
{"time":"2026-09-13T18:12:27.310Z","level":"warn","message":"Échec envoi FCM","status":404,"response":{"error":{"message":"Requested entity was not found."}}}
{"time":"2026-09-13T18:12:28.120Z","level":"info","message":"Base de données ouverte","dbPath":":memory:"}
{"time":"2026-09-13T18:12:28.381Z","level":"warn","message":"[rateLimit] Seuil atteint","limiter":"t_block"}
{"time":"2026-09-13T18:12:28.381Z","level":"warn","message":"[rateLimit] Seuil atteint","limiter":"t_iso"}
{"time":"2026-09-13T18:12:28.382Z","level":"warn","message":"[rateLimit] Seuil atteint","limiter":"t_login"}
{"time":"2026-09-13T18:12:28.382Z","level":"warn","message":"[rateLimit] Seuil atteint","limiter":"t_window"}
{"time":"2026-09-13T18:12:28.482Z","level":"info","message":"Base de données ouverte","dbPath":":memory:"}
{"time":"2026-09-13T18:12:28.904Z","level":"info","message":"Base de données ouverte","dbPath":":memory:"}
{"time":"2026-09-13T18:12:28.925Z","level":"info","message":"Base de données ouverte","dbPath":":memory:"}
{"time":"2026-09-13T18:12:28.928Z","level":"info","message":"Base de données ouverte","dbPath":":memory:"}
{"time":"2026-09-13T18:12:28.933Z","level":"info","message":"Base de données ouverte","dbPath":":memory:"}
{"time":"2026-09-13T18:12:28.938Z","level":"info","message":"Base de données ouverte","dbPath":":memory:"}
{"time":"2026-09-13T18:12:28.942Z","level":"info","message":"Base de données ouverte","dbPath":":memory:"}
{"time":"2026-09-13T18:12:28.949Z","level":"info","message":"Base de données ouverte","dbPath":":memory:"}
