{"time":"2026-08-27T18:32:06.405Z","level":"info","message":"Base de données ouverte","dbPath":"/tmp/yuki-admin-Iko9o7/test.sqlite"}
{"time":"2026-08-27T18:32:06.408Z","level":"info","message":"ADMIN_EMAIL renseignée","adresses":["chef@exemple.fr","absent@exemple.fr"]}
{"time":"2026-08-27T18:32:06.408Z","level":"info","message":"Compte promu administrateur au démarrage","email":"chef@exemple.fr","ancienRole":"free"}
{"time":"2026-08-27T18:32:06.409Z","level":"info","message":"Administrateurs en base","nombre":2,"adresses":["chef@exemple.fr","deja@exemple.fr"]}
{"time":"2026-08-27T18:32:06.409Z","level":"warn","message":"ADMIN_EMAIL désigne des comptes inexistants — crée-les dans l'application, puis redémarre le service","adresses":["absent@exemple.fr"]}
{"time":"2026-08-27T18:32:06.410Z","level":"info","message":"ADMIN_EMAIL renseignée","adresses":["chef@exemple.fr","absent@exemple.fr"]}
{"time":"2026-08-27T18:32:06.411Z","level":"info","message":"Administrateurs en base","nombre":2,"adresses":["chef@exemple.fr","deja@exemple.fr"]}
{"time":"2026-08-27T18:32:06.411Z","level":"warn","message":"ADMIN_EMAIL désigne des comptes inexistants — crée-les dans l'application, puis redémarre le service","adresses":["absent@exemple.fr"]}
{"time":"2026-08-27T18:32:06.411Z","level":"warn","message":"ADMIN_EMAIL non renseignée — aucune promotion automatique. Pour désigner un administrateur, ajoute cette variable dans l'environnement du service."}
{"time":"2026-08-27T18:32:06.412Z","level":"info","message":"Administrateurs en base","nombre":2,"adresses":["chef@exemple.fr","deja@exemple.fr"]}
{"time":"2026-08-27T18:32:06.820Z","level":"info","message":"Sauvegarde effectuée","dest":"/tmp/yuki-backup-test-o9VxNv/backups/yuki-20260827-183206.sqlite"}
{"time":"2026-08-27T18:32:06.821Z","level":"warn","message":"Sauvegarde ignorée : fichier de base de données introuvable","dbPath":"/tmp/yuki-backup-test-o9VxNv/inexistant.sqlite"}
{"time":"2026-08-27T18:32:06.822Z","level":"info","message":"Ancienne sauvegarde supprimée (rétention)","file":"yuki-fake-3.sqlite"}
{"time":"2026-08-27T18:32:06.822Z","level":"info","message":"Ancienne sauvegarde supprimée (rétention)","file":"yuki-fake-4.sqlite"}
{"time":"2026-08-27T18:32:07.676Z","level":"info","message":"Base de données ouverte","dbPath":":memory:"}
{"time":"2026-08-27T18:32:08.602Z","level":"info","message":"Achat déjà acquitté auprès de Google Play","status":400}
{"time":"2026-08-27T18:32:08.604Z","level":"info","message":"Achat déjà acquitté auprès de Google Play","status":409}
{"time":"2026-08-27T18:32:08.610Z","level":"warn","message":"Acquittement Google Play échoué","status":500}
{"time":"2026-08-27T18:32:08.786Z","level":"warn","message":"Échec envoi FCM","status":404,"response":{"error":{"message":"Requested entity was not found."}}}
{"time":"2026-08-27T18:32:10.263Z","level":"info","message":"Base de données ouverte","dbPath":":memory:"}
{"time":"2026-08-27T18:32:10.632Z","level":"warn","message":"[rateLimit] Seuil atteint","limiter":"t_block"}
{"time":"2026-08-27T18:32:10.632Z","level":"warn","message":"[rateLimit] Seuil atteint","limiter":"t_iso"}
{"time":"2026-08-27T18:32:10.633Z","level":"warn","message":"[rateLimit] Seuil atteint","limiter":"t_login"}
{"time":"2026-08-27T18:32:10.633Z","level":"warn","message":"[rateLimit] Seuil atteint","limiter":"t_window"}
{"time":"2026-08-27T18:32:10.745Z","level":"info","message":"Base de données ouverte","dbPath":":memory:"}
{"time":"2026-08-27T18:32:11.968Z","level":"info","message":"Base de données ouverte","dbPath":"./data/yuki.sqlite"}
{"time":"2026-08-27T18:32:11.970Z","level":"warn","message":"ADMIN_EMAIL non renseignée — aucune promotion automatique. Pour désigner un administrateur, ajoute cette variable dans l'environnement du service."}
{"time":"2026-08-27T18:32:11.973Z","level":"info","message":"Administrateurs en base","nombre":0,"adresses":[]}
{"time":"2026-08-27T18:32:11.973Z","level":"info","message":"Amorçage administrateurs","promus":0,"deja":0,"introuvables":[],"variableAbsente":true}
{"time":"2026-08-27T18:32:11.973Z","level":"error","message":"CORS_ORIGIN=\"*\" en production : les cookies d'authentification (refresh token) ne fonctionneront pour AUCUNE origine tant qu'un domaine explicite n'est pas configuré (voir .env.example)."}
{"time":"2026-08-27T18:32:11.982Z","level":"info","message":"Serveur Yuki Trader Pro (backend) démarré","port":4200,"env":"production"}
{"time":"2026-08-27T18:32:13.976Z","level":"info","message":"requête","requestId":"409816be7b90d8fe","method":"GET","path":"/api/health","status":200,"durationMs":11}
{"time":"2026-08-27T18:32:13.981Z","level":"info","message":"requête","requestId":"65b09fad7d392e34","method":"GET","path":"/api/billing/offers","status":200,"durationMs":2}
{"time":"2026-08-27T18:32:13.989Z","level":"info","message":"requête","requestId":"e7d63775ea976623","method":"GET","path":"/api/admin/users","status":401,"durationMs":1}
{"time":"2026-08-27T18:32:14.012Z","level":"info","message":"Arrêt du serveur","signal":"SIGTERM"}
