{"time":"2026-09-11T05:39:09.489Z","level":"info","message":"Base de données ouverte","dbPath":"/tmp/yuki-admin-YMivBE/test.sqlite"}
{"time":"2026-09-11T05:39:09.491Z","level":"info","message":"ADMIN_EMAIL renseignée","adresses":["chef@exemple.fr","absent@exemple.fr"]}
{"time":"2026-09-11T05:39:09.492Z","level":"info","message":"Compte promu administrateur au démarrage","email":"chef@exemple.fr","ancienRole":"free"}
{"time":"2026-09-11T05:39:09.493Z","level":"info","message":"Administrateurs en base","nombre":2,"adresses":["chef@exemple.fr","deja@exemple.fr"]}
{"time":"2026-09-11T05:39:09.493Z","level":"warn","message":"ADMIN_EMAIL désigne des comptes inexistants — crée-les dans l'application, puis redémarre le service","adresses":["absent@exemple.fr"]}
{"time":"2026-09-11T05:39:09.494Z","level":"info","message":"ADMIN_EMAIL renseignée","adresses":["chef@exemple.fr","absent@exemple.fr"]}
{"time":"2026-09-11T05:39:09.495Z","level":"info","message":"Administrateurs en base","nombre":2,"adresses":["chef@exemple.fr","deja@exemple.fr"]}
{"time":"2026-09-11T05:39:09.495Z","level":"warn","message":"ADMIN_EMAIL désigne des comptes inexistants — crée-les dans l'application, puis redémarre le service","adresses":["absent@exemple.fr"]}
{"time":"2026-09-11T05:39:09.495Z","level":"warn","message":"ADMIN_EMAIL non renseignée — aucune promotion automatique. Pour désigner un administrateur, ajoute cette variable dans l'environnement du service."}
{"time":"2026-09-11T05:39:09.495Z","level":"info","message":"Administrateurs en base","nombre":2,"adresses":["chef@exemple.fr","deja@exemple.fr"]}
{"time":"2026-09-11T05:39:09.862Z","level":"info","message":"Sauvegarde effectuée","dest":"/tmp/yuki-backup-test-zQSqj6/backups/yuki-20260911-053909.sqlite"}
{"time":"2026-09-11T05:39:09.862Z","level":"warn","message":"Sauvegarde ignorée : fichier de base de données introuvable","dbPath":"/tmp/yuki-backup-test-zQSqj6/inexistant.sqlite"}
{"time":"2026-09-11T05:39:09.863Z","level":"info","message":"Ancienne sauvegarde supprimée (rétention)","file":"yuki-fake-3.sqlite"}
{"time":"2026-09-11T05:39:09.863Z","level":"info","message":"Ancienne sauvegarde supprimée (rétention)","file":"yuki-fake-4.sqlite"}
{"time":"2026-09-11T05:39:10.000Z","level":"info","message":"Base de données ouverte","dbPath":":memory:"}
{"time":"2026-09-11T05:39:10.020Z","level":"info","message":"Base de données ouverte","dbPath":":memory:"}
{"time":"2026-09-11T05:39:10.075Z","level":"info","message":"Base de données ouverte","dbPath":"/tmp/yuki-ondes-JnYQR8/test.sqlite"}
{"time":"2026-09-11T05:39:10.157Z","level":"info","message":"[ondes] co-mouvement recalculé","symboles":120,"echecs":0,"lignes":230}
{"time":"2026-09-11T05:39:10.671Z","level":"info","message":"Base de données ouverte","dbPath":":memory:"}
{"time":"2026-09-11T05:39:11.356Z","level":"info","message":"Achat déjà acquitté auprès de Google Play","status":400}
{"time":"2026-09-11T05:39:11.357Z","level":"info","message":"Achat déjà acquitté auprès de Google Play","status":409}
{"time":"2026-09-11T05:39:11.361Z","level":"warn","message":"Acquittement Google Play échoué","status":500}
{"time":"2026-09-11T05:39:11.603Z","level":"warn","message":"Échec envoi FCM","status":404,"response":{"error":{"message":"Requested entity was not found."}}}
{"time":"2026-09-11T05:39:12.512Z","level":"info","message":"Base de données ouverte","dbPath":":memory:"}
{"time":"2026-09-11T05:39:12.828Z","level":"warn","message":"[rateLimit] Seuil atteint","limiter":"t_block"}
{"time":"2026-09-11T05:39:12.829Z","level":"warn","message":"[rateLimit] Seuil atteint","limiter":"t_iso"}
{"time":"2026-09-11T05:39:12.829Z","level":"warn","message":"[rateLimit] Seuil atteint","limiter":"t_login"}
{"time":"2026-09-11T05:39:12.829Z","level":"warn","message":"[rateLimit] Seuil atteint","limiter":"t_window"}
{"time":"2026-09-11T05:39:12.934Z","level":"info","message":"Base de données ouverte","dbPath":":memory:"}
{"time":"2026-09-11T05:39:13.372Z","level":"info","message":"Base de données ouverte","dbPath":":memory:"}
{"time":"2026-09-11T05:39:13.392Z","level":"info","message":"Base de données ouverte","dbPath":":memory:"}
