{"time":"2026-08-17T17:29:26.585Z","level":"info","message":"Achat déjà acquitté auprès de Google Play","status":400}
{"time":"2026-08-17T17:29:26.601Z","level":"info","message":"Achat déjà acquitté auprès de Google Play","status":409}
{"time":"2026-08-17T17:29:26.603Z","level":"warn","message":"Acquittement Google Play échoué","status":500}
{"time":"2026-08-17T17:29:33.783Z","level":"info","message":"Sauvegarde effectuée","dest":"/tmp/yuki-backup-test-Yh5VhM/backups/yuki-20260817-172933.sqlite"}
{"time":"2026-08-17T17:29:33.784Z","level":"warn","message":"Sauvegarde ignorée : fichier de base de données introuvable","dbPath":"/tmp/yuki-backup-test-Yh5VhM/inexistant.sqlite"}
{"time":"2026-08-17T17:29:33.785Z","level":"info","message":"Ancienne sauvegarde supprimée (rétention)","file":"yuki-fake-3.sqlite"}
{"time":"2026-08-17T17:29:33.785Z","level":"info","message":"Ancienne sauvegarde supprimée (rétention)","file":"yuki-fake-4.sqlite"}
{"time":"2026-08-17T17:29:34.438Z","level":"info","message":"Base de données ouverte","dbPath":":memory:"}
{"time":"2026-08-17T17:29:35.269Z","level":"info","message":"Achat déjà acquitté auprès de Google Play","status":400}
{"time":"2026-08-17T17:29:35.270Z","level":"info","message":"Achat déjà acquitté auprès de Google Play","status":409}
{"time":"2026-08-17T17:29:35.273Z","level":"warn","message":"Acquittement Google Play échoué","status":500}
{"time":"2026-08-17T17:29:35.422Z","level":"warn","message":"Échec envoi FCM","status":404,"response":{"error":{"message":"Requested entity was not found."}}}
{"time":"2026-08-17T17:29:36.409Z","level":"info","message":"Base de données ouverte","dbPath":":memory:"}
{"time":"2026-08-17T17:29:36.741Z","level":"warn","message":"[rateLimit] Seuil atteint","limiter":"t_block"}
{"time":"2026-08-17T17:29:36.741Z","level":"warn","message":"[rateLimit] Seuil atteint","limiter":"t_iso"}
{"time":"2026-08-17T17:29:36.742Z","level":"warn","message":"[rateLimit] Seuil atteint","limiter":"t_login"}
{"time":"2026-08-17T17:29:36.742Z","level":"warn","message":"[rateLimit] Seuil atteint","limiter":"t_window"}
{"time":"2026-08-17T17:29:36.852Z","level":"info","message":"Base de données ouverte","dbPath":":memory:"}
{"time":"2026-08-17T17:29:43.374Z","level":"info","message":"Sauvegarde effectuée","dest":"/tmp/yuki-backup-test-bTLtrG/backups/yuki-20260817-172943.sqlite"}
{"time":"2026-08-17T17:29:43.374Z","level":"warn","message":"Sauvegarde ignorée : fichier de base de données introuvable","dbPath":"/tmp/yuki-backup-test-bTLtrG/inexistant.sqlite"}
{"time":"2026-08-17T17:29:43.375Z","level":"info","message":"Ancienne sauvegarde supprimée (rétention)","file":"yuki-fake-3.sqlite"}
{"time":"2026-08-17T17:29:43.375Z","level":"info","message":"Ancienne sauvegarde supprimée (rétention)","file":"yuki-fake-4.sqlite"}
{"time":"2026-08-17T17:29:44.003Z","level":"info","message":"Base de données ouverte","dbPath":":memory:"}
{"time":"2026-08-17T17:29:44.857Z","level":"info","message":"Achat déjà acquitté auprès de Google Play","status":400}
{"time":"2026-08-17T17:29:44.858Z","level":"info","message":"Achat déjà acquitté auprès de Google Play","status":409}
{"time":"2026-08-17T17:29:44.860Z","level":"warn","message":"Acquittement Google Play échoué","status":500}
{"time":"2026-08-17T17:29:44.973Z","level":"warn","message":"Échec envoi FCM","status":404,"response":{"error":{"message":"Requested entity was not found."}}}
{"time":"2026-08-17T17:29:46.109Z","level":"info","message":"Base de données ouverte","dbPath":":memory:"}
{"time":"2026-08-17T17:29:46.450Z","level":"warn","message":"[rateLimit] Seuil atteint","limiter":"t_block"}
{"time":"2026-08-17T17:29:46.451Z","level":"warn","message":"[rateLimit] Seuil atteint","limiter":"t_iso"}
{"time":"2026-08-17T17:29:46.451Z","level":"warn","message":"[rateLimit] Seuil atteint","limiter":"t_login"}
{"time":"2026-08-17T17:29:46.451Z","level":"warn","message":"[rateLimit] Seuil atteint","limiter":"t_window"}
{"time":"2026-08-17T17:29:46.557Z","level":"info","message":"Base de données ouverte","dbPath":":memory:"}
{"time":"2026-08-17T17:29:48.292Z","level":"info","message":"Sauvegarde effectuée","dest":"/tmp/yuki-backup-test-NUw85r/backups/yuki-20260817-172948.sqlite"}
{"time":"2026-08-17T17:29:48.293Z","level":"warn","message":"Sauvegarde ignorée : fichier de base de données introuvable","dbPath":"/tmp/yuki-backup-test-NUw85r/inexistant.sqlite"}
{"time":"2026-08-17T17:29:48.294Z","level":"info","message":"Ancienne sauvegarde supprimée (rétention)","file":"yuki-fake-3.sqlite"}
{"time":"2026-08-17T17:29:48.294Z","level":"info","message":"Ancienne sauvegarde supprimée (rétention)","file":"yuki-fake-4.sqlite"}
{"time":"2026-08-17T17:29:48.986Z","level":"info","message":"Base de données ouverte","dbPath":":memory:"}
{"time":"2026-08-17T17:29:49.874Z","level":"info","message":"Achat déjà acquitté auprès de Google Play","status":400}
{"time":"2026-08-17T17:29:49.877Z","level":"info","message":"Achat déjà acquitté auprès de Google Play","status":409}
{"time":"2026-08-17T17:29:49.881Z","level":"warn","message":"Acquittement Google Play échoué","status":500}
{"time":"2026-08-17T17:29:50.047Z","level":"warn","message":"Échec envoi FCM","status":404,"response":{"error":{"message":"Requested entity was not found."}}}
{"time":"2026-08-17T17:29:51.141Z","level":"info","message":"Base de données ouverte","dbPath":":memory:"}
{"time":"2026-08-17T17:29:51.477Z","level":"warn","message":"[rateLimit] Seuil atteint","limiter":"t_block"}
{"time":"2026-08-17T17:29:51.477Z","level":"warn","message":"[rateLimit] Seuil atteint","limiter":"t_iso"}
{"time":"2026-08-17T17:29:51.478Z","level":"warn","message":"[rateLimit] Seuil atteint","limiter":"t_login"}
{"time":"2026-08-17T17:29:51.478Z","level":"warn","message":"[rateLimit] Seuil atteint","limiter":"t_window"}
{"time":"2026-08-17T17:29:51.587Z","level":"info","message":"Base de données ouverte","dbPath":":memory:"}
{"time":"2026-08-17T17:30:07.929Z","level":"info","message":"Sauvegarde effectuée","dest":"/tmp/yuki-backup-test-g4TGAP/backups/yuki-20260817-173007.sqlite"}
{"time":"2026-08-17T17:30:07.930Z","level":"warn","message":"Sauvegarde ignorée : fichier de base de données introuvable","dbPath":"/tmp/yuki-backup-test-g4TGAP/inexistant.sqlite"}
{"time":"2026-08-17T17:30:07.931Z","level":"info","message":"Ancienne sauvegarde supprimée (rétention)","file":"yuki-fake-3.sqlite"}
{"time":"2026-08-17T17:30:07.931Z","level":"info","message":"Ancienne sauvegarde supprimée (rétention)","file":"yuki-fake-4.sqlite"}
{"time":"2026-08-17T17:30:08.604Z","level":"info","message":"Base de données ouverte","dbPath":":memory:"}
{"time":"2026-08-17T17:30:09.389Z","level":"info","message":"Achat déjà acquitté auprès de Google Play","status":400}
{"time":"2026-08-17T17:30:09.391Z","level":"info","message":"Achat déjà acquitté auprès de Google Play","status":409}
{"time":"2026-08-17T17:30:09.394Z","level":"warn","message":"Acquittement Google Play échoué","status":500}
{"time":"2026-08-17T17:30:09.559Z","level":"warn","message":"Échec envoi FCM","status":404,"response":{"error":{"message":"Requested entity was not found."}}}
{"time":"2026-08-17T17:30:10.677Z","level":"info","message":"Base de données ouverte","dbPath":":memory:"}
{"time":"2026-08-17T17:30:11.023Z","level":"warn","message":"[rateLimit] Seuil atteint","limiter":"t_block"}
{"time":"2026-08-17T17:30:11.023Z","level":"warn","message":"[rateLimit] Seuil atteint","limiter":"t_iso"}
{"time":"2026-08-17T17:30:11.024Z","level":"warn","message":"[rateLimit] Seuil atteint","limiter":"t_login"}
{"time":"2026-08-17T17:30:11.024Z","level":"warn","message":"[rateLimit] Seuil atteint","limiter":"t_window"}
{"time":"2026-08-17T17:30:11.133Z","level":"info","message":"Base de données ouverte","dbPath":":memory:"}
{"time":"2026-08-17T17:30:12.913Z","level":"info","message":"Sauvegarde effectuée","dest":"/tmp/yuki-backup-test-d73Fwg/backups/yuki-20260817-173012.sqlite"}
{"time":"2026-08-17T17:30:12.913Z","level":"warn","message":"Sauvegarde ignorée : fichier de base de données introuvable","dbPath":"/tmp/yuki-backup-test-d73Fwg/inexistant.sqlite"}
{"time":"2026-08-17T17:30:12.914Z","level":"info","message":"Ancienne sauvegarde supprimée (rétention)","file":"yuki-fake-3.sqlite"}
{"time":"2026-08-17T17:30:12.915Z","level":"info","message":"Ancienne sauvegarde supprimée (rétention)","file":"yuki-fake-4.sqlite"}
{"time":"2026-08-17T17:30:13.598Z","level":"info","message":"Base de données ouverte","dbPath":":memory:"}
{"time":"2026-08-17T17:30:14.442Z","level":"info","message":"Achat déjà acquitté auprès de Google Play","status":400}
{"time":"2026-08-17T17:30:14.443Z","level":"info","message":"Achat déjà acquitté auprès de Google Play","status":409}
{"time":"2026-08-17T17:30:14.449Z","level":"warn","message":"Acquittement Google Play échoué","status":500}
{"time":"2026-08-17T17:30:14.623Z","level":"warn","message":"Échec envoi FCM","status":404,"response":{"error":{"message":"Requested entity was not found."}}}
{"time":"2026-08-17T17:30:15.750Z","level":"info","message":"Base de données ouverte","dbPath":":memory:"}
{"time":"2026-08-17T17:30:16.105Z","level":"warn","message":"[rateLimit] Seuil atteint","limiter":"t_block"}
{"time":"2026-08-17T17:30:16.105Z","level":"warn","message":"[rateLimit] Seuil atteint","limiter":"t_iso"}
{"time":"2026-08-17T17:30:16.106Z","level":"warn","message":"[rateLimit] Seuil atteint","limiter":"t_login"}
{"time":"2026-08-17T17:30:16.106Z","level":"warn","message":"[rateLimit] Seuil atteint","limiter":"t_window"}
{"time":"2026-08-17T17:30:16.215Z","level":"info","message":"Base de données ouverte","dbPath":":memory:"}
